10:19:30 [ERROR] [@astrojs/node] Unhandled rejection while rendering undefined
Error: listen EADDRINUSE: address already in use ::1:4321
    at Server.setupListenHandle [as _listen2] (node:net:1912:16)
    at listenInCluster (node:net:1969:12)
    at GetAddrInfoReqWrap.callback (node:net:2178:7)
    at GetAddrInfoReqWrap.onlookupall [as oncomplete] (node:dns:132:8) {
  code: 'EADDRINUSE',
  errno: -4091,
  syscall: 'listen',
  address: '::1',
  port: 4321
}
10:19:30 [ERROR] [@astrojs/node] Unhandled rejection while rendering undefined
Error: listen EADDRINUSE: address already in use ::1:4321
    at Server.setupListenHandle [as _listen2] (node:net:1912:16)
    at listenInCluster (node:net:1969:12)
    at GetAddrInfoReqWrap.callback (node:net:2178:7)
    at GetAddrInfoReqWrap.onlookupall [as oncomplete] (node:dns:132:8) {
  code: 'EADDRINUSE',
  errno: -4091,
  syscall: 'listen',
  address: '::1',
  port: 4321
}
